// Jest Snapshot v1, https://goo.gl/fbAQLP

exports[`should render the mission page 1`] = `
<div className="container mt-8 px-4 mx-auto">
  <p className="text-left text-2xl">loading ...</p>
</div>
`;